jtung@cslab4-30:~/finalProject$ l
Bishop.java       Chessboard.java~  Knight.java  Queen.java
Chessboard.class  Chesspiece.java   old_news/    README.md
Chessboard.java   King.java         Pawn.java    Rook.java
jtung@cslab4-30:~/finalProject$ ez starting overhaul from location system to coordinate gri  C-c C-c
jtung@cslab4-30:~/finalProject$ git pull
remote: Counting objects: 8, done.        
remote: Compressing objects: 100% (4/4), done.        
remote: Total 8 (delta 5), reused 7 (delta 4), pack-reused 0        
Unpacking objects: 100% (8/8), done.
From github.com:jason-tung/finalProject
   283598c..f094d0e  master     -> origin/master
Auto-merging old_news/Square.java
Auto-merging old_news/FilledSquare.java
Auto-merging old_news/EmptySquare.java
error: Terminal is dumb, but EDITOR unset
Not committing merge; use 'git commit' to complete the merge.
jtung@cslab4-30:~/finalProject$ ez starting overhaul from location system to coordinate gri  C-c C-c

  C-c C-cez

jtung@cslab4-30:~/finalProject$ [master 6d90d79] automated commit and push
Counting objects: 7, done.
Delta compression using up to 4 threads.
Compressing objects: 100% (7/7), done.
Writing objects: 100% (7/7), 965 bytes | 0 bytes/s, done.
Total 7 (delta 2), reused 0 (delta 0)
remote: Resolving deltas: 100% (2/2), completed with 1 local object.        
To git@github.com:jason-tung/finalProject.git
   f094d0e..6d90d79  master -> master
jtung@cslab4-30:~/finalProjec
jtung@cslab4-30:~/finalProject$ 
jtung@cslab4-30:~/finalProject$ l
Bishop.java       Chessboard.java~  Knight.java  Queen.java
Chessboard.class  Chesspiece.java   old_news/    README.md
Chessboard.java   King.java         Pawn.java    Rook.java
jtung@cslab4-30:~/finalProject$ mv Chesspiece.java Piece.java
jtung@cslab4-30:~/finalProject$ ez updated some syntax for the sake of brevity
[master e0b7ddd] updated some syntax for the sake of brevity
 8 files changed, 12 insertions(+), 8 deletions(-)
 create mode 100644 BoardDB.java
 rename Chesspiece.java => Piece.java (80%)
Counting objects: 9, done.
Delta compression using up to 4 threads.
Compressing objects: 100% (9/9), done.
Writing objects: 100% (9/9), 1.02 KiB | 0 bytes/s, done.
Total 9 (delta 5), reused 0 (delta 0)
remote: Resolving deltas: 100% (5/5), completed with 5 local objects.        
To git@github.com:jason-tung/finalProject.git
   6d90d79..e0b7ddd  master -> master
jtung@cslab4-30:~/finalProject$ javac Chessboard.java
jtung@cslab4-30:~/finalProject$ java Chessboard.java
Error: Could not find or load main class Chessboard.java
jtung@cslab4-30:~/finalProject$ java Chessboard
jtung@cslab4-30:~/finalProject$ javac Chessboard.java
jtung@cslab4-30:~/finalProject$ java Chessboard
jtung@cslab4-30:~/finalProject$ mv Chessboard.java GUI.java
jtung@cslab4-30:~/finalProject$mv BoardDB.java Board.java
jtung@cslab4-30:~/finalProject$ 